// Jest Snapshot v1, https://goo.gl/fbAQLP

exports[`render 1`] = `
<div
  className="app"
>
  <nav>
    <h1>
      Math Magicians
    </h1>
    <ul
      className="navbar"
    >
      <li>
        <a
          className="links border"
          href="/"
          onClick={[Function]}
        >
          Home
        </a>
      </li>
      <li>
        <a
          className="links border"
          href="/calculator"
          onClick={[Function]}
        >
          Calculator
        </a>
      </li>
      <li>
        <a
          className="links"
          href="/quote"
          onClick={[Function]}
        >
          Quote
        </a>
      </li>
    </ul>
  </nav>
  <div
    className="home"
  >
    <h2>
      Welcome to our page!
    </h2>
    <p>
      In the very starting, of route, become the abacus, a sort of hand-operated mechanical calculator the use of beads on rods, first utilized by Sumerians and Egyptians round 2000 BC. The precept was simple, a frame protecting a chain of rods, with ten sliding beads on each. When all of the beads have been slid throughout the first rod, it was time to transport one throughout on the next, showing the wide variety of tens, and thence to the next rod, showing loads, and so forth (with the ten beads at the initial row again to the original position).
    </p>
    <p>
      The precept was simple, a frame protecting a chain of rods, with ten sliding beads on each. When all of the beads have been slid throughout the first rod, it was time to transport one throughout on the next, showing the wide variety of tens, and thence to the next rod, showing loads, and so forth (with the ten beads at the initial row again to the original position).
    </p>
    <p>
      It made addition and subtraction quicker and less error-prone and can have caused the time period bean counters for accountants.
    </p>
    <p>
      But that became where the generation more or much less caught for the subsequent three,600 years, until the beginning of the seventeenth century AD, while the first mechanical calculators started to appear in Europe. Most drastically, the development of logarithms by John Napier allowed Edward Gunter, William Oughtred and others to develop the slide rule.
    </p>
    <p>
      The slide rule is largely a sliding stick (or discs) that uses logarithmic scales to allow fast multiplication and department. Slide guidelines advanced to allow advanced trigonometry and logarithms, exponentials and rectangular roots.
    </p>
    <p>
      Even up to the 1980s, understanding a way to operate a slide rule was a primary part of mathematics education for millions of schoolchildren, despite the fact that via that point, mechanical and electric powered calculating machines were nicely established. The trouble became that these were not portable at the same time as the slide rule fitted into the breast pocket of your button-down shirt.
    </p>
    <p>
      Real Rocket Scientists used slide regulations to send Man to the Moon - a Pickett model N600-ES become taken at the Apollo thirteen moon project in 1970.
    </p>
  </div>
</div>
`;

exports[`renders 1`] = `
<div
  className="app"
>
  <nav>
    <h1>
      Math Magicians
    </h1>
    <ul
      className="navbar"
    >
      <li>
        <a
          className="links border"
          href="/"
          onClick={[Function]}
        >
          Home
        </a>
      </li>
      <li>
        <a
          className="links border"
          href="/calculator"
          onClick={[Function]}
        >
          Calculator
        </a>
      </li>
      <li>
        <a
          className="links"
          href="/quote"
          onClick={[Function]}
        >
          Quote
        </a>
      </li>
    </ul>
  </nav>
  <div
    className="home"
  >
    <h2>
      Welcome to our page!
    </h2>
    <p>
      In the very starting, of route, become the abacus, a sort of hand-operated mechanical calculator the use of beads on rods, first utilized by Sumerians and Egyptians round 2000 BC. The precept was simple, a frame protecting a chain of rods, with ten sliding beads on each. When all of the beads have been slid throughout the first rod, it was time to transport one throughout on the next, showing the wide variety of tens, and thence to the next rod, showing loads, and so forth (with the ten beads at the initial row again to the original position).
    </p>
    <p>
      The precept was simple, a frame protecting a chain of rods, with ten sliding beads on each. When all of the beads have been slid throughout the first rod, it was time to transport one throughout on the next, showing the wide variety of tens, and thence to the next rod, showing loads, and so forth (with the ten beads at the initial row again to the original position).
    </p>
    <p>
      It made addition and subtraction quicker and less error-prone and can have caused the time period bean counters for accountants.
    </p>
    <p>
      But that became where the generation more or much less caught for the subsequent three,600 years, until the beginning of the seventeenth century AD, while the first mechanical calculators started to appear in Europe. Most drastically, the development of logarithms by John Napier allowed Edward Gunter, William Oughtred and others to develop the slide rule.
    </p>
    <p>
      The slide rule is largely a sliding stick (or discs) that uses logarithmic scales to allow fast multiplication and department. Slide guidelines advanced to allow advanced trigonometry and logarithms, exponentials and rectangular roots.
    </p>
    <p>
      Even up to the 1980s, understanding a way to operate a slide rule was a primary part of mathematics education for millions of schoolchildren, despite the fact that via that point, mechanical and electric powered calculating machines were nicely established. The trouble became that these were not portable at the same time as the slide rule fitted into the breast pocket of your button-down shirt.
    </p>
    <p>
      Real Rocket Scientists used slide regulations to send Man to the Moon - a Pickett model N600-ES become taken at the Apollo thirteen moon project in 1970.
    </p>
  </div>
</div>
`;

exports[`renders correctly 1`] = `
<div
  className="app"
>
  <nav>
    <h1>
      Math Magicians
    </h1>
    <ul
      className="navbar"
    >
      <li>
        <a
          className="links border"
          href="/"
          onClick={[Function]}
        >
          Home
        </a>
      </li>
      <li>
        <a
          className="links border"
          href="/calculator"
          onClick={[Function]}
        >
          Calculator
        </a>
      </li>
      <li>
        <a
          className="links"
          href="/quote"
          onClick={[Function]}
        >
          Quote
        </a>
      </li>
    </ul>
  </nav>
  <div
    className="home"
  >
    <h2>
      Welcome to our page!
    </h2>
    <p>
      In the very starting, of route, become the abacus, a sort of hand-operated mechanical calculator the use of beads on rods, first utilized by Sumerians and Egyptians round 2000 BC. The precept was simple, a frame protecting a chain of rods, with ten sliding beads on each. When all of the beads have been slid throughout the first rod, it was time to transport one throughout on the next, showing the wide variety of tens, and thence to the next rod, showing loads, and so forth (with the ten beads at the initial row again to the original position).
    </p>
    <p>
      The precept was simple, a frame protecting a chain of rods, with ten sliding beads on each. When all of the beads have been slid throughout the first rod, it was time to transport one throughout on the next, showing the wide variety of tens, and thence to the next rod, showing loads, and so forth (with the ten beads at the initial row again to the original position).
    </p>
    <p>
      It made addition and subtraction quicker and less error-prone and can have caused the time period bean counters for accountants.
    </p>
    <p>
      But that became where the generation more or much less caught for the subsequent three,600 years, until the beginning of the seventeenth century AD, while the first mechanical calculators started to appear in Europe. Most drastically, the development of logarithms by John Napier allowed Edward Gunter, William Oughtred and others to develop the slide rule.
    </p>
    <p>
      The slide rule is largely a sliding stick (or discs) that uses logarithmic scales to allow fast multiplication and department. Slide guidelines advanced to allow advanced trigonometry and logarithms, exponentials and rectangular roots.
    </p>
    <p>
      Even up to the 1980s, understanding a way to operate a slide rule was a primary part of mathematics education for millions of schoolchildren, despite the fact that via that point, mechanical and electric powered calculating machines were nicely established. The trouble became that these were not portable at the same time as the slide rule fitted into the breast pocket of your button-down shirt.
    </p>
    <p>
      Real Rocket Scientists used slide regulations to send Man to the Moon - a Pickett model N600-ES become taken at the Apollo thirteen moon project in 1970.
    </p>
  </div>
</div>
`;
