// Jest Snapshot v1, https://goo.gl/fbAQLP

exports[`render 1`] = `
<div
  className="container"
>
  <div
    className="row"
  >
    <div
      className="col-1"
    >
      <h2>
        Let's do some math
      </h2>
    </div>
    <div
      className="col-2"
    >
      <div
        className="calculator"
      >
        <div
          className="result"
        >
          <span
            className="result_value"
          >
            0
          </span>
        </div>
        <div
          className="rows"
        >
          <button
            className="white_calc"
            onClick={[Function]}
            type="button"
            value="AC"
          >
            AC
          </button>
          <button
            className="white_calc"
            onClick={[Function]}
            type="button"
            value="+/-"
          >
            +/-
          </button>
          <button
            className="white_calc"
            onClick={[Function]}
            type="button"
            value="%"
          >
            %
          </button>
          <button
            className="orange_calc"
            onClick={[Function]}
            type="button"
            value="รท"
          >
            รท
          </button>
        </div>
        <div
          className="rows"
        >
          <button
            className="white_calc"
            onClick={[Function]}
            type="button"
            value="7"
          >
            7
          </button>
          <button
            className="white_calc"
            onClick={[Function]}
            type="button"
            value="8"
          >
            8
          </button>
          <button
            className="white_calc"
            onClick={[Function]}
            type="button"
            value="9"
          >
            9
          </button>
          <button
            className="orange_calc"
            onClick={[Function]}
            type="button"
            value="x"
          >
            x
          </button>
        </div>
        <div
          className="rows"
        >
          <button
            className="white_calc"
            onClick={[Function]}
            type="button"
            value="4"
          >
            4
          </button>
          <button
            className="white_calc"
            onClick={[Function]}
            type="button"
            value="5"
          >
            5
          </button>
          <button
            className="white_calc"
            onClick={[Function]}
            type="button"
            value="6"
          >
            6
          </button>
          <button
            className="orange_calc"
            onClick={[Function]}
            type="button"
            value="-"
          >
            -
          </button>
        </div>
        <div
          className="rows"
        >
          <button
            className="white_calc"
            onClick={[Function]}
            type="button"
            value="1"
          >
            1
          </button>
          <button
            className="white_calc"
            onClick={[Function]}
            type="button"
            value="2"
          >
            2
          </button>
          <button
            className="white_calc"
            onClick={[Function]}
            type="button"
            value="3"
          >
            3
          </button>
          <button
            className="orange_calc"
            onClick={[Function]}
            type="button"
            value="+"
          >
            +
          </button>
        </div>
        <div
          className="rows"
        >
          <div
            className="col1"
          >
            <button
              className="white_calc"
              onClick={[Function]}
              type="button"
              value="0"
            >
              0
            </button>
          </div>
          <div
            className="col2"
          >
            <button
              className="white_calc"
              onClick={[Function]}
              type="button"
              value="."
            >
              .
            </button>
            <button
              className="orange_calc"
              onClick={[Function]}
              type="button"
              value="="
            >
              =
            </button>
          </div>
        </div>
      </div>
    </div>
  </div>
</div>
`;

exports[`renders 1`] = `
<div
  className="container"
>
  <div
    className="row"
  >
    <div
      className="col-1"
    >
      <h2>
        Let's do some math
      </h2>
    </div>
    <div
      className="col-2"
    >
      <div
        className="calculator"
      >
        <div
          className="result"
        >
          <span
            className="result_value"
          >
            0
          </span>
        </div>
        <div
          className="rows"
        >
          <button
            className="white_calc"
            onClick={[Function]}
            type="button"
            value="AC"
          >
            AC
          </button>
          <button
            className="white_calc"
            onClick={[Function]}
            type="button"
            value="+/-"
          >
            +/-
          </button>
          <button
            className="white_calc"
            onClick={[Function]}
            type="button"
            value="%"
          >
            %
          </button>
          <button
            className="orange_calc"
            onClick={[Function]}
            type="button"
            value="รท"
          >
            รท
          </button>
        </div>
        <div
          className="rows"
        >
          <button
            className="white_calc"
            onClick={[Function]}
            type="button"
            value="7"
          >
            7
          </button>
          <button
            className="white_calc"
            onClick={[Function]}
            type="button"
            value="8"
          >
            8
          </button>
          <button
            className="white_calc"
            onClick={[Function]}
            type="button"
            value="9"
          >
            9
          </button>
          <button
            className="orange_calc"
            onClick={[Function]}
            type="button"
            value="x"
          >
            x
          </button>
        </div>
        <div
          className="rows"
        >
          <button
            className="white_calc"
            onClick={[Function]}
            type="button"
            value="4"
          >
            4
          </button>
          <button
            className="white_calc"
            onClick={[Function]}
            type="button"
            value="5"
          >
            5
          </button>
          <button
            className="white_calc"
            onClick={[Function]}
            type="button"
            value="6"
          >
            6
          </button>
          <button
            className="orange_calc"
            onClick={[Function]}
            type="button"
            value="-"
          >
            -
          </button>
        </div>
        <div
          className="rows"
        >
          <button
            className="white_calc"
            onClick={[Function]}
            type="button"
            value="1"
          >
            1
          </button>
          <button
            className="white_calc"
            onClick={[Function]}
            type="button"
            value="2"
          >
            2
          </button>
          <button
            className="white_calc"
            onClick={[Function]}
            type="button"
            value="3"
          >
            3
          </button>
          <button
            className="orange_calc"
            onClick={[Function]}
            type="button"
            value="+"
          >
            +
          </button>
        </div>
        <div
          className="rows"
        >
          <div
            className="col1"
          >
            <button
              className="white_calc"
              onClick={[Function]}
              type="button"
              value="0"
            >
              0
            </button>
          </div>
          <div
            className="col2"
          >
            <button
              className="white_calc"
              onClick={[Function]}
              type="button"
              value="."
            >
              .
            </button>
            <button
              className="orange_calc"
              onClick={[Function]}
              type="button"
              value="="
            >
              =
            </button>
          </div>
        </div>
      </div>
    </div>
  </div>
</div>
`;
